// Jest Snapshot v1, https://goo.gl/fbAQLP

exports[`create gate address 1`] = `
"Sample Airport
Terminal A
Gate 1"
`;
